BARO_DRAFT_Q4: False
BARO_DOT: False
pack q4 trunk: True
BARO_MEGA: True
BARO_MEGA_WIN: False
loading pack: 6639194112 bytes
pack loaded in 0.487630329 s
prompt file: .work/engine-pack-q4/prompt-tokens.txt
prompt tokens: 5
spec k: 2
BARO_SPEC: False
host_enqueue_s: 0.547043172  gpu_total_s: 0.547075922
mega fail word: 0 
mega profile (last token, us): ssm sub-blocks 2477.08  attn sub-blocks 1168.44  ffn 3896.999999999999  head 633.96  total 8184.2  fail 0
mega phases ssm (24 layers, us, stamps 0>12>1>2>3>4>5>6>7): 15 110 1036 87 45 527 55 599
mega phases attn (8 layers, us, stamps 0>1>2>3>4>5>7): 38 322 25 605 13 162
mega phases ffn (32 layers, us, stamps 7>8>9>10>11): 127 2313 79 1376
mega phases head (us, stamps 0>1>2>3): 4 624 4
profile: attn 0.003604639 0.13763082585582015
profile: ssm 0.010960641 0.41849463226113975
profile: ffn 0.011612757 0.44339345392782925
profile: head 1.26e-05 0.00048108795521086407
profile: mtp_proc 0.0  mtp_draft 0.0
tokens: 64  prefill_s: 0.036554426  decode_s: 0.510521496
tok/s_total: 116.98559089573678  tok/s_gen: 123.40322688390775
GENERATED: 11751 13 198 760 6511 314 9338 369 11751 13 198 760 6511 314 9338 369 11751 13 198 760 6511 314 9338 369 11751 13 198 760 6511 314 9338 369 11751 13 198 760 6511 314 9338 369 11751 13 198 760 6511 314 9338 369 11751 13 198 760 6511 314 9338 369 11751 13 198 760 6511 314 9338 369 
DRAFT: from_token 369 draft_argmax 428
