MR=1 UNROLL=4 grid_dim=1536 block_dim=256 ROW_WAVES=8
MR=1 m=1 us=88.22 GBps=606.1819995465881 ratio=1.0 correct=true
MR=2 UNROLL=4 grid_dim=1536 block_dim=256 ROW_WAVES=8
MR=2 m=2 us=91.681 GBps=583.2983497125905 ratio=1.0392314667875766 correct=true
MR=4 UNROLL=4 grid_dim=1536 block_dim=256 ROW_WAVES=8
MR=4 m=4 us=113.571 GBps=470.8717542330349 ratio=1.2873611425980502 correct=true
MR=8 UNROLL=4 grid_dim=1536 block_dim=256 ROW_WAVES=8
MR=8 m=8 us=200.242 GBps=267.06373288321134 ratio=2.2698027658127407 correct=true
DOT MR=1 UNROLL=4 grid_dim=1536 block_dim=256 ROW_WAVES=8
DOT MR=1 m=1 us=77.891 GBps=686.5668177324723 ratio_vs_bf16_m1=0.882917705735661 max_rel=8.325878297910094e-05 correct=true
DOT MR=2 UNROLL=4 grid_dim=1536 block_dim=256 ROW_WAVES=8
DOT MR=2 m=2 us=90.191 GBps=592.934727411826 ratio_vs_bf16_m1=1.0223418725912492 max_rel=0.00010029089025920257 correct=true
DOT MR=4 UNROLL=4 grid_dim=1536 block_dim=256 ROW_WAVES=8
DOT MR=4 m=4 us=100.541 GBps=531.8962015496165 ratio_vs_bf16_m1=1.1396622081160734 max_rel=0.00011541446277116932 correct=true
DOT MR=8 UNROLL=4 grid_dim=1536 block_dim=256 ROW_WAVES=8
DOT MR=8 m=8 us=127.051 GBps=420.9126728636532 ratio_vs_bf16_m1=1.4401609612332804 max_rel=0.00011541446277116932 correct=true
MR=1(q4) UNROLL=2 grid_dim=1536 block_dim=256 ROW_WAVES=8
MR=1(q4) m=1 us=56.501 GBps=501.0805472469514 ratio_vs_q8row_MR1=0.6404556789843573 correct=true
MR=1(q4b) UNROLL=2 grid_dim=1536 block_dim=256 ROW_WAVES=8
MR=1(q4b) bitwise equal to q4row on 12288 rows
MR=1(q4b) m=1 us=51.161 GBps=553.3815210805105 ratio_vs_q8row_MR1=0.579925187032419 ratio_vs_q4row=0.905488398435426 correct=true
