BARO_DRAFT_Q4: False
BARO_DOT: False
pack q4 trunk: True
BARO_MEGA: True
BARO_MEGA_WIN: False
loading pack: 6639194112 bytes
pack loaded in 0.494301627 s
prompt file: .work/engine-pack-q4/prompt-tokens.txt
prompt tokens: 5
spec k: 2
BARO_SPEC: False
host_enqueue_s: 0.593732694  gpu_total_s: 0.593760854
mega profile (last token, us): ssm sub-blocks 2435.4399999999996  attn sub-blocks 884.76  ffn 4534.52  head 769.4  total 8630.6  fail 0
mega phases ssm (24 layers, us, stamps 0>12>1>2>3>4>5>6>7): 19 96 1163 85 42 396 48 583
mega phases attn (8 layers, us, stamps 0>1>2>3>4>5>7): 36 347 23 302 11 163
mega phases ffn (32 layers, us, stamps 7>8>9>10>11): 131 2789 62 1551
mega phases head (us, stamps 0>1>2>3): 4 760 4
profile: attn 0.003903401 0.12232041843261751
profile: ssm 0.013009455 0.40767576254151394
profile: ffn 0.014984033 0.4695528812868955
profile: head 1.439e-05 0.00045093773897310726
profile: mtp_proc 0.0  mtp_draft 0.0
tokens: 64  prefill_s: 0.042371177  decode_s: 0.551389677
tok/s_total: 107.78750328326629  tok/s_gen: 114.25676364267517
GENERATED: 11751 13 198 760 6511 314 9338 369 11751 13 198 760 6511 314 9338 369 11751 13 198 760 6511 314 9338 369 11751 13 198 760 6511 314 9338 369 11751 13 198 760 6511 314 9338 369 11751 13 198 760 6511 314 9338 369 11751 13 198 760 6511 314 9338 369 11751 13 198 760 6511 314 9338 369 
DRAFT: from_token 369 draft_argmax 428
